prime
prime
prime
prime
prime
prime
prime
prime
prime
prime
prime
prime
prime
prime
prime
prime
prime
prime
prime
prime
prime
prime
prime
prime
prime
prime
prime
prime
prime
prime
prime
prime
prime
prime
prime
prime
prime
prime
prime
prime
prime
prime
prime
prime
prime
prime
prime
prime
prime
prime
prime
prime
prime
prime
prime
prime
prime
prime
prime
prime
prime
prime
prime
prime
prime
prime
prime
prime
prime
prime
prime
prime
prime
prime
prime
prime
prime
prime
prime
prime
prime
prime
prime
prime
prime
prime
prime
prime
prime
prime
prime
prime
prime
prime
prime
prime
prime
prime
prime
